// Jest Snapshot v1, https://goo.gl/fbAQLP

exports[`React component test: <App> Renders correctly for given application state: Error (state contains empty list of honey badgers) 1`] = `"The following error occurred: Bananas LOL"`;

exports[`React component test: <App> Renders correctly for given application state: Error (state contains non-empty list of honey badgers) 1`] = `"The following error occurred: Bananas LOL"`;

exports[`React component test: <App> Renders correctly for given application state: Honey badgers (state contains non-empty list of honey badgers) 1`] = `
<HoneyBadgersTable
  honeyBadgers={
    Array [
      Object {},
    ]
  }
/>
`;

exports[`React component test: <App> Renders correctly for given application state: Initial props/state 1`] = `
<HoneyBadgersTable
  honeyBadgers={Array []}
/>
`;
